
C:\WINDOWS\System32>echo off 
C:\Users\AkshayKumar\Downloads\Complete\Super 8 (2011)\Other\AhaShare.com.txt
*********************************************
Run on 18-06-2016 at 19:04:13.53
Input: C:\Users\AkshayKumar\Downloads\Complete\Super 8 (2011) Super 8 (2011) 11 multi Other\AhaShare.com.txt 
ERRORLEVEL : {1} some error occurred while executing script view deleted.log for details.

C:\WINDOWS\System32>echo off 
C:\Users\AkshayKumar\Downloads\Complete\Assassination Games (2011) [YTS.AG]\WWW.YTS.AG.jpg
C:\Users\AkshayKumar\Downloads\Complete\I Am Wrath (2016) [YTS.AG]\WWW.YTS.AG.jpg
C:\Users\AkshayKumar\Downloads\Complete\Kama Sutra A Tale Of Love (1996) [YTS.AG]\WWW.YTS.AG.jpg
C:\Users\AkshayKumar\Downloads\Complete\Littleman (2006) [YTS.AG]\WWW.YTS.AG.jpg
C:\Users\AkshayKumar\Downloads\Complete\Patlabor The Movie (1989) [YTS.AG]\WWW.YTS.AG.jpg
C:\Users\AkshayKumar\Downloads\Complete\Ratter (2015) [YTS.AG]\WWW.YTS.AG.jpg
C:\Users\AkshayKumar\Downloads\Complete\Slither (2006) [YTS.AG]\WWW.YTS.AG.jpg
C:\Users\AkshayKumar\Downloads\Complete\Steve Jobs (2015) [YTS.AG]\WWW.YTS.AG.jpg
C:\Users\AkshayKumar\Downloads\Complete\Steve Jobs The Man In The Machine (2015)\WWW.YTS.AG.jpg
C:\Users\AkshayKumar\Downloads\Complete\The Sand (2015) [YTS.AG]\WWW.YTS.AG.jpg
C:\Users\AkshayKumar\Downloads\Complete\The Shortcut (2009)\WWW.YTS.AG.jpg
G:\data\An American Werewolf In London (1981) [YTS.AG]\WWW.YTS.AG.jpg
G:\data\Avenged (2013) [YTS.AG]\WWW.YTS.AG.jpg
C:\Users\AkshayKumar\Downloads\Complete\The Hard Corps (2006) [YTS.AG]\WWW.YTS.AG.jpg
C:\Users\AkshayKumar\Downloads\Complete\American Hero (2015) [YTS.AG]\WWW.YTS.AG.jpg
C:\Users\AkshayKumar\Downloads\Complete\Pandemic (2016) [1080p] [YTS.AG]\WWW.YTS.AG.jpg
C:\Users\AkshayKumar\Downloads\Complete\Spectre (2015) [YTS.AG]\WWW.YTS.AG.jpg
C:\Users\AkshayKumar\Downloads\Complete\The Informant! (2009) [YTS.AG]\WWW.YTS.AG.jpg
*********************************************
Run on 18-06-2016 at 19:07:51.14
Input: C:\Users\AkshayKumar\Downloads\Complete\The Informant! (2009) [YTS.AG] The Informant! (2009) [YTS.AG] 11 multi WWW.YTS.AG.jpg 
ERRORLEVEL : {1} some error occurred while executing script view deleted.log for details.

C:\WINDOWS\System32>echo off 

C:\WINDOWS\System32>echo off 

C:\WINDOWS\System32>echo off 

C:\WINDOWS\System32>echo off 
C:\Users\AkshayKumar\Downloads\Complete\The Theory of Everything (2014)\The.Theory.of.Everything.2014.720p.BluRay.x264.YIFY.mp4
C:\Users\AkshayKumar\Downloads\Complete\The Theory of Everything (2014)\WWW.YTS.RE.jpg
*********************************************
Run on 18-06-2016 at 20:00:15.40
Input: C:\Users\AkshayKumar\Downloads\Complete\The Theory of Everything (2014) The Theory of Everything (2014) 11 multi The.Theory.of.Everything.2014.720p.BluRay.x264.YIFY.mp4 
**Deleting
Deleting directory C:\Users\AkshayKumar\Downloads\Complete\The Theory of Everything (2014) with all subcontent

C:\WINDOWS\System32>echo off 

C:\WINDOWS\System32>echo off 

C:\WINDOWS\System32>echo off 

C:\WINDOWS\System32>echo off 

C:\WINDOWS\System32>echo off 

C:\WINDOWS\System32>echo off 

C:\WINDOWS\System32>echo off 

C:\WINDOWS\System32>echo off 

C:\WINDOWS\System32>echo off 

C:\WINDOWS\System32>echo off 

C:\WINDOWS\System32>echo off 

C:\WINDOWS\System32>echo off 

C:\WINDOWS\System32>echo off 
C:\Users\AkshayKumar\Downloads\Complete\The Conjuring 2 (2016) HDTC x264 [Dual-Audio] [English + Hindi (Line Audio)] - Downloadhub\Read More.txt
C:\Users\AkshayKumar\Downloads\Complete\The Conjuring 2 (2016) HDTC x264 [Dual-Audio] [English + Hindi (Line Audio)] - Downloadhub\Sample.mkv
C:\Users\AkshayKumar\Downloads\Complete\The Conjuring 2 (2016) HDTC x264 [Dual-Audio] [English + Hindi (Line Audio)] - Downloadhub\The Conjuring 2 (2016) HDTC x264 [Dual-Audio] [English + Hindi (Line Audio)] - D.mkv
C:\Users\AkshayKumar\Downloads\Complete\The Conjuring 2 (2016) HDTC x264 [Dual-Audio] [English + Hindi (Line Audio)] - Downloadhub\Torrent Downloaded From ExtraTorrent.cc.txt
*********************************************
Run on 18-06-2016 at 21:15:29.01
Input: C:\Users\AkshayKumar\Downloads\Complete\The Conjuring 2 (2016) HDTC x264 [Dual-Audio] [English + Hindi (Line Audio)] - Downloadhub The Conjuring 2 (2016) HDTC x264 [Dual-Audio] [English + Hindi (Line Audio)] - Downloadhub 11 multi Read More.txt 
**Deleting
Deleting directory C:\Users\AkshayKumar\Downloads\Complete\The Conjuring 2 (2016) HDTC x264 [Dual-Audio] [English + Hindi (Line Audio)] - Downloadhub with all subcontent

C:\WINDOWS\System32>echo off 

C:\WINDOWS\System32>echo off 

C:\WINDOWS\System32>echo off 

C:\WINDOWS\System32>echo off 

C:\WINDOWS\System32>echo off 

C:\WINDOWS\System32>echo off 

C:\WINDOWS\System32>echo off 

C:\WINDOWS\System32>echo off 

C:\WINDOWS\System32>echo off 

C:\WINDOWS\System32>echo off 

C:\WINDOWS\System32>echo off 

C:\WINDOWS\System32>echo off 

C:\WINDOWS\System32>echo off 

C:\WINDOWS\System32>echo off 

C:\WINDOWS\System32>echo off 

C:\WINDOWS\System32>echo off 

C:\WINDOWS\System32>echo off 

C:\WINDOWS\System32>echo off 

C:\WINDOWS\System32>echo off 

C:\WINDOWS\System32>echo off 

C:\WINDOWS\System32>echo off 

C:\WINDOWS\System32>echo off 

C:\WINDOWS\System32>echo off 

C:\WINDOWS\System32>echo off 

C:\WINDOWS\System32>echo off 
C:\Users\AkshayKumar\Downloads\Complete\Frankenweenie (2012)\Frankenweenie.2012.720p.BrRip.x264.YIFY.mp4
C:\Users\AkshayKumar\Downloads\Complete\Frankenweenie (2012)\Frankenweenie.2012.720p.BrRip.x264.YIFY.srt
C:\Users\AkshayKumar\Downloads\Complete\Frankenweenie (2012)\WWW.YIFY-TORRENTS.COM.jpg
*********************************************
Run on 18-06-2016 at 23:26:43.73
Input: C:\Users\AkshayKumar\Downloads\Complete\Frankenweenie (2012) Frankenweenie (2012) 11 multi Frankenweenie.2012.720p.BrRip.x264.YIFY.mp4 
**Deleting
Deleting directory C:\Users\AkshayKumar\Downloads\Complete\Frankenweenie (2012) with all subcontent

C:\WINDOWS\System32>echo off 

C:\WINDOWS\System32>echo off 

C:\WINDOWS\System32>echo off 

C:\WINDOWS\System32>echo off 

C:\WINDOWS\System32>echo off 

C:\WINDOWS\System32>echo off 

C:\WINDOWS\System32>echo off 
C:\Users\AkshayKumar\Downloads\Complete\13 Hours The Secret Soldiers Of Benghazi (2016) [YTS.AG]\13.Hours.The.Secret.Soldiers.Of.Benghazi.2016.720p.BluRay.x264-[YTS.AG].mp4
C:\Users\AkshayKumar\Downloads\Complete\13 Hours The Secret Soldiers Of Benghazi (2016) [YTS.AG]\WWW.YTS.AG.jpg
*********************************************
Run on 19-06-2016 at  1:55:14.72
Input: C:\Users\AkshayKumar\Downloads\Complete\13 Hours The Secret Soldiers Of Benghazi (2016) [YTS.AG] 13 Hours The Secret Soldiers Of Benghazi (2016) [YTS.AG] 11 multi WWW.YTS.AG.jpg 
**Deleting
Deleting directory C:\Users\AkshayKumar\Downloads\Complete\13 Hours The Secret Soldiers Of Benghazi (2016) [YTS.AG] with all subcontent

C:\WINDOWS\System32>echo off 
C:\Users\AkshayKumar\Downloads\Complete\James Bond 007 Spectre (2015) 720p BluRay x264 [Dual Audio] [Hindi DD5.1 - English] - monu987\James Bond 007 Spectre (2015) 720p BluRay x264 [Dual Audio] [Hindi DD5.1 - English] - monu987.mkv
C:\Users\AkshayKumar\Downloads\Complete\James Bond 007 Spectre (2015) 720p BluRay x264 [Dual Audio] [Hindi DD5.1 - English] - monu987\Poster.jpg
C:\Users\AkshayKumar\Downloads\Complete\James Bond 007 Spectre (2015) 720p BluRay x264 [Dual Audio] [Hindi DD5.1 - English] - monu987\Sample.mkv
C:\Users\AkshayKumar\Downloads\Complete\James Bond 007 Spectre (2015) 720p BluRay x264 [Dual Audio] [Hindi DD5.1 - English] - monu987\ScreenShots\01.png
C:\Users\AkshayKumar\Downloads\Complete\James Bond 007 Spectre (2015) 720p BluRay x264 [Dual Audio] [Hindi DD5.1 - English] - monu987\ScreenShots\02.png
C:\Users\AkshayKumar\Downloads\Complete\James Bond 007 Spectre (2015) 720p BluRay x264 [Dual Audio] [Hindi DD5.1 - English] - monu987\ScreenShots\03.png
C:\Users\AkshayKumar\Downloads\Complete\James Bond 007 Spectre (2015) 720p BluRay x264 [Dual Audio] [Hindi DD5.1 - English] - monu987\ScreenShots\04.png
C:\Users\AkshayKumar\Downloads\Complete\James Bond 007 Spectre (2015) 720p BluRay x264 [Dual Audio] [Hindi DD5.1 - English] - monu987\ScreenShots\05.png
C:\Users\AkshayKumar\Downloads\Complete\James Bond 007 Spectre (2015) 720p BluRay x264 [Dual Audio] [Hindi DD5.1 - English] - monu987\ScreenShots\06.png
C:\Users\AkshayKumar\Downloads\Complete\James Bond 007 Spectre (2015) 720p BluRay x264 [Dual Audio] [Hindi DD5.1 - English] - monu987\ScreenShots\07.png
C:\Users\AkshayKumar\Downloads\Complete\James Bond 007 Spectre (2015) 720p BluRay x264 [Dual Audio] [Hindi DD5.1 - English] - monu987\ScreenShots\08.png
C:\Users\AkshayKumar\Downloads\Complete\James Bond 007 Spectre (2015) 720p BluRay x264 [Dual Audio] [Hindi DD5.1 - English] - monu987\ScreenShots\09.png
C:\Users\AkshayKumar\Downloads\Complete\James Bond 007 Spectre (2015) 720p BluRay x264 [Dual Audio] [Hindi DD5.1 - English] - monu987\ScreenShots\10.png
C:\Users\AkshayKumar\Downloads\Complete\James Bond 007 Spectre (2015) 720p BluRay x264 [Dual Audio] [Hindi DD5.1 - English] - monu987\ScreenShots\11.png
C:\Users\AkshayKumar\Downloads\Complete\James Bond 007 Spectre (2015) 720p BluRay x264 [Dual Audio] [Hindi DD5.1 - English] - monu987\ScreenShots\12.png
C:\Users\AkshayKumar\Downloads\Complete\James Bond 007 Spectre (2015) 720p BluRay x264 [Dual Audio] [Hindi DD5.1 - English] - monu987\Torrent Downloaded From ExtraTorrent.cc.txt
*********************************************
Run on 19-06-2016 at  1:56:08.03
Input: C:\Users\AkshayKumar\Downloads\Complete\James Bond 007 Spectre (2015) 720p BluRay x264 [Dual Audio] [Hindi DD5.1 - English] - monu987 James Bond 007 Spectre (2015) 720p BluRay x264 [Dual Audio] [Hindi DD5.1 - English] - monu987 11 multi James Bond 007 Spectre (2015) 720p BluRay x264 [Dual Audio] [Hindi DD5.1 - English] - monu987.mkv 
**Deleting
Deleting directory C:\Users\AkshayKumar\Downloads\Complete\James Bond 007 Spectre (2015) 720p BluRay x264 [Dual Audio] [Hindi DD5.1 - English] - monu987 with all subcontent

C:\WINDOWS\System32>echo off 
